
[1m[7m[36m RUN [39m[27m[22m [36mv2.1.9 [39m[90mC:/Users/axiom/AI/Apps/math-buddy/frontend[39m

 [32mΓ£ô[39m src/themes/dandysWorld.test.js[2m > [22mdandysWorld theme[2m > [22mexports a theme object with required fields
 [32mΓ£ô[39m src/themes/dandysWorld.test.js[2m > [22mdandysWorld theme[2m > [22msets CSS custom properties on #theme-root
 [32mΓ£ô[39m src/themes/dandysWorld.test.js[2m > [22mdandysWorld theme[2m > [22msetTheme does nothing if #theme-root is absent
 [32mΓ£ô[39m src/components/ScoreCard.test.jsx[2m > [22mScoreCard[2m > [22mrenders the topic name
 [32mΓ£ô[39m src/components/ScoreCard.test.jsx[2m > [22mScoreCard[2m > [22mdisplays score / maxScore
 [32mΓ£ô[39m src/components/ScoreCard.test.jsx[2m > [22mScoreCard[2m > [22mshows question count
 [32mΓ£ô[39m src/components/AgeGroupSelector.test.jsx[2m > [22mAgeGroupSelector[2m > [22mrenders both age group options
 [32mΓ£ô[39m src/components/AgeGroupSelector.test.jsx[2m > [22mAgeGroupSelector[2m > [22mmarks the current value as selected
 [32mΓ£ô[39m src/components/AgeGroupSelector.test.jsx[2m > [22mAgeGroupSelector[2m > [22mcalls onChange with the other value when toggled
 [32mΓ£ô[39m src/components/AgeGroupSelector.test.jsx[2m > [22mAgeGroupSelector[2m > [22memits the selected value on click
 [32mΓ£ô[39m src/components/LoadingScreen.test.jsx[2m > [22mLoadingScreen[2m > [22mdisplays the first fun fact on mount
 [32mΓ£ô[39m src/components/LoadingScreen.test.jsx[2m > [22mLoadingScreen[2m > [22madvances to the next fact after the rotation interval
 [32mΓ£ô[39m src/components/LoadingScreen.test.jsx[2m > [22mLoadingScreen[2m > [22mnever shows the same fact twice within one cycle
 [32mΓ£ô[39m src/components/LoadingScreen.test.jsx[2m > [22mLoadingScreen[2m > [22mshows the progress bar
 [32mΓ£ô[39m src/components/TopicSelector.test.jsx[2m > [22mTopicSelector[2m > [22mrenders all enabled topics
 [32mΓ£ô[39m src/components/TopicSelector.test.jsx[2m > [22mTopicSelector[2m > [22mshows none pre-selected by default
 [32mΓ£ô[39m src/components/TopicSelector.test.jsx[2m > [22mTopicSelector[2m > [22memits selection change when a topic is toggled
 [32mΓ£ô[39m src/components/TopicSelector.test.jsx[2m > [22mTopicSelector[2m > [22mmarks selected topics as pressed
 [32mΓ£ô[39m src/app/HomeScreen.test.jsx[2m > [22mHomeScreen[2m > [22mhas Start Practice button disabled when no topic is selected
 [32mΓ£ô[39m src/app/HomeScreen.test.jsx[2m > [22mHomeScreen[2m > [22menables Start Practice when at least one topic is selected
 [32mΓ£ô[39m src/components/ErrorBanner.test.jsx[2m > [22mErrorBanner[2m > [22mdisplays the error message
 [32mΓ£ô[39m src/components/ErrorBanner.test.jsx[2m > [22mErrorBanner[2m > [22mhas role="alert"
 [32mΓ£ô[39m src/components/SketchCanvas.test.jsx[2m > [22mSketchCanvas[2m > [22mrenders the canvas surface
 [32mΓ£ô[39m src/components/SketchCanvas.test.jsx[2m > [22mSketchCanvas[2m > [22mrenders a clear button
 [32mΓ£ô[39m src/components/ErrorBanner.test.jsx[2m > [22mErrorBanner[2m > [22mcalls onRetry when the retry button is clicked
 [32mΓ£ô[39m src/components/QuestionCard.test.jsx[2m > [22mQuestionCard[2m > [22mrenders the question text
 [32mΓ£ô[39m src/components/QuestionCard.test.jsx[2m > [22mQuestionCard[2m > [22mshows the question number
 [32mΓ£ô[39m src/components/QuestionCard.test.jsx[2m > [22mQuestionCard[2m > [22mcalls onAnswer with sketch mode when canvas triggers export
 [32mΓ£ô[39m src/components/SketchCanvas.test.jsx[2m > [22mSketchCanvas[2m > [22mclears the canvas when the clear button is clicked
 [32mΓ£ô[39m src/components/QuestionCard.test.jsx[2m > [22mQuestionCard[2m > [22mrenders text mode toggle
 [32mΓ£ô[39m src/app/PracticePage.test.jsx[2m > [22mPracticePage[2m > [22mrenders all questions
 [32mΓ£ô[39m src/app/PracticePage.test.jsx[2m > [22mPracticePage[2m > [22mshows a submit button
 [32mΓ£ô[39m src/app/PracticePage.test.jsx[2m > [22mPracticePage[2m > [22masks for confirmation when submitting with no answers
 [32mΓ£ô[39m src/app/Dashboard.test.jsx[2m > [22mDashboard[2m > [22mshows the total score
 [32mΓ£ô[39m src/app/Dashboard.test.jsx[2m > [22mDashboard[2m > [22mshows per-topic score cards
 [32mΓ£ô[39m src/app/Dashboard.test.jsx[2m > [22mDashboard[2m > [22mshows per-question feedback
 [31m├ù[39m src/app/Dashboard.test.jsx[2m > [22mDashboard[2m > [22mcalls resetSession when Try Again is clicked
[31m   ΓåÆ Found multiple elements with the role "button" and name `/try again/i`

Here are the matching elements:

Ignored nodes: comments, script, style
[36m<button[31m
  [33mclass[31m=[32m"rounded-button bg-primary px-8 py-3 font-heading text-lg font-bold text-white shadow-lg hover:bg-primary/90 active:scale-95 transition"[31m
  [33mtype[31m=[32m"button"[31m
[36m>[31m
  [0mTry Again[0m
[36m</button>[31m

Ignored nodes: comments, script, style
[36m<button[31m
  [33mclass[31m=[32m"rounded-button bg-primary px-8 py-3 font-heading text-lg font-bold text-white shadow-lg hover:bg-primary/90 active:scale-95 transition"[31m
  [33mtype[31m=[32m"button"[31m
[36m>[31m
  [0mTry Again[0m
[36m</button>[31m

(If this is intentional, then use the `*AllBy*` variant of the query (like `queryAllByText`, `getAllByText`, or `findAllByText`)).

Ignored nodes: comments, script, style
[36m<body>[31m
  [36m<div>[31m
    [36m<main[31m
      [33mclass[31m=[32m"min-h-screen px-4 py-10"[31m
    [36m>[31m
      [36m<div[31m
        [33mclass[31m=[32m"mx-auto max-w-2xl space-y-8"[31m
      [36m>[31m
        [36m<section[31m
          [33mclass[31m=[32m"rounded-card bg-primary p-8 text-center text-white shadow-lg"[31m
        [36m>[31m
          [36m<h1[31m
            [33mclass[31m=[32m"font-heading text-4xl font-extrabold"[31m
          [36m>[31m
            [0m3[0m
            [0m / [0m
            [0m4[0m
          [36m</h1>[31m
          [36m<p[31m
            [33mclass[31m=[32m"mt-1 font-body text-lg opacity-90"[31m
          [36m>[31m
            [0m75[0m
            [0m% correct[0m
          [36m</p>[31m
          [36m<p[31m
            [33mclass[31m=[32m"mt-3 font-body text-sm opacity-75"[31m
          [36m>[31m
            [0mGood effort, keep going![0m
          [36m</p>[31m
        [36m</section>[31m
        [36m<section[31m
          [33mclass[31m=[32m"space-y-4"[31m
        [36m>[31m
          [36m<h2[31m
            [33mclass[31m=[32m"font-heading text-xl font-bold text-text-primary"[31m
          [36m>[31m
            [0mBy Topic[0m
          [36m</h2>[31m
          [36m<div[31m
            [33mclass[31m=[32m"grid gap-4 sm:grid-cols-2"[31m
          [36m>[31m
            [36m<div[31m
              [33mclass[31m=[32m"rounded-card bg-surface p-5 shadow-md space-y-3"[31m
            [36m>[31m
              [36m<div[31m
                [33mclass[31m=[32m"flex items-center justify-between"[31m
              [36m>[31m
                [36m<h3[31m
                  [33mclass[31m=[32m"font-heading text-base font-bold text-text-primary"[31m
                [36m>[31m
                  [0mAlgebra[0m
                [36m</h3>[31m
                [36m<span[31m
                  [33mclass[31m=[32m"font-heading text-lg font-extrabold text-primary"[31m
                [36m>[31m
                  [0m2[0m
                  [0m / [0m
                  [0m2[0m
                [36m</span>[31m
              [36m</div>[31m
              [36m<div[31m
                [33mclass[31m=[32m"h-3 w-full overflow-hidden rounded-full bg-primary/20"[31m
              [36m>[31m
                [36m<div[31m
                  [33maria-hidden[31m=[32m"true"[31m
                  [33mclass[31m=[32m"h-full rounded-full bg-primary transition-all"[31m
                  [33mstyle[31m=[32m"width: 100%;"[31m
                [36m/>[31m
              [36m</div>[31m
              [36m<p[31m
                [33mclass[31m=[32m"text-xs text-text-secondary"[31m
              [36m>[31m
                [0m1[0m
                [0m question[0m
              [36m</p>[31m
            [36m</div>[31m
            [36m<div[31m
              [33mclass[31m=[32m"rounded-card bg-surface p-5 shadow-md space-y-3"[31m
            [36m>[31m
              [36m<div[31m
                [33mclass[31m=[32m"flex items-center justify-between"[31m
              [36m>[31m
                [36m<h3[31m
                  [33mclass[31m=[32m"font-heading text-base font-bold text-text-primary"[31m
                [36m>[31m
                  [0mVedic Maths[0m
                [36m</h3>[31m
                [36m<span[31m
                  [33mclass[31m=[32m"font-heading text-lg font-extrabold text-primary"[31m
                [36m>[31m
                  [0m1[0m
                  [0m / [0m
                  [0m2[0m
                [36m</span>[31m
              [36m</div>[31m
              [36m<div[31m
                [33mclass[31m=[32m"h-3 w-full overflow-hidden rounded-full bg-primary/20"[31m
              [36m>[31m
                [36m<div[31m
                  [33maria-hidden[31m=[32m"true"[31m
                  [33mclass[31m=[32m"h-full rounded-full bg-primary transition-all"[31m
                  [33mstyle[31m=[32m"width: 50%;"[31m
                [36m/>[31m
              [36m</div>[31m
              [36m<p[31m
                [33mclass[31m=[32m"text-xs text-text-secondary"[31m
              [36m>[31m
                [0m1[0m
                [0m question[0m
              [36m</p>[31m
            [36m</div>[31m
          [36m</div>[31m
        [36m</section>[31m
        [36m<section[31m
          [33mclass[31m=[32m"space-y-4"[31m
        [36m>[31m
          [36m<h2[31m
            [33mclass[31m=[32m"font-heading text-xl font-bold text-text-primary"[31m
          [36m>[31m
            [0mQuestion Review[0m
          [36m</h2>[31m
          [36m<ol[31m
            [33mclass[31m=[32m"space-y-3 list-none p-0"[31m
          [36m>[31m
            [36m<li[31m
              [33mclass[31m=[32m"rounded-card bg-surface p-4 shadow-sm space-y-1"[31m
            [36m>[31m
              [36m<div[31m
                [33mclass[31m=[32m"flex items-start justify-between gap-3"[31m
              [36m>[31m
                [36m<p[31m
                  [33mclass[31m=[32m"font-body text-sm font-semibold text-text-primary flex-1"[31m
                [36m>[31m
                  [36m<span[31m
                    [33mclass[31m=[32m"mr-2 text-text-secondary"[31m
                  [36m>[31m
                    [0m#[0m
                    [0m1[0m
                  [36m</span>[31m
                  [0m144├╖12[0m
                [36m</p>[31m
                [36m<span[31m
                  [33mclass[31m=[32m"shrink-0 rounded-full px-2 py-0.5 text-xs font-bold bg-green-100 text-green-700"[31m
                [36m>[31m
                  [0m2[0m
                  [0m/2[0m
                [36m</span>[31m
              [36m</div>[31m
              [36m<p[31m
                [33mclass[31m=[32m"font-body text-sm text-text-secondary"[31m
              [36m>[31m
                [0mGreat work![0m
              [36m</p>[31m
            [36m</li>[31m
            [36m<li[31m
              [33mclass[31m=[32m"rounded-card bg-surface p-4 shadow-sm space-y-1"[31m
            [36m>[31m
              [36m<div[31m
                [33mclass[31m=[32m"flex items-start justify-between gap-3"[31m
              [36m>[31m
                [36m<p[31m
                  [33mclass[31m=[32m"font-body text-sm font-semibold text-text-primary flex-1"[31m
                [36m>[31m
                  [36m<span[31m
                    [33mclass[31m=[32m"mr-2 text-text-secondary"[31m
                  [36m>[31m
                    [0m#[0m
                    [0m2[0m
                  [36m</span>[31m
                  [0m13├ù17[0m
                [36m</p>[31m
                [36m<span[31m
                  [33mclass[31m=[32m"shrink-0 rounded-full px-2 py-0.5 text-xs font-bold bg-yellow-100 text-yellow-700"[31m
                [36m>[31m
                  [0m1[0m
                  [0m/2[0m
                [36m</span>[31m
              [36m</div>[31m
              [36m<p[31m
                [33mclass[31m=[32m"font-body text-sm text-text-secondary"[31m
              [36m>[31m
                [0mNearly there.[0m
              [36m</p>[31m
            [36m</li>[31m
          [36m</ol>[31m
        [36m</section>[31m
        [36m<div[31m
          [33mclass[31m=[32m"flex justify-center pb-8"[31m
        [36m>[31m
          [36m<button[31m
            [33mclass[31m=[32m"rounded-button bg-primary px-8 py-3 font-heading text-lg font-bold text-white shadow-lg hover:bg-primary/90 active:scale-95 transition"[31m
            [33mtype[31m=[32m"button"[31m
          [36m>[31m
            [0mTry Again[0m
          [36m</button>[31m
        [36m</div>[31m
      [36m</div>[31m
    [36m</main>[31m
  [36m</div>[31m
  [36m<div>[31m
    [36m<main[31m
      [33mclass[31m=[32m"min-h-screen px-4 py-10"[31m
    [36m>[31m
      [36m<div[31m
        [33mclass[31m=[32m"mx-auto max-w-2xl space-y-8"[31m
      [36m>[31m
        [36m<section[31m
          [33mclass[31m=[32m"rounded-card bg-primary p-8 text-center text-white shadow-lg"[31m
        [36m>[31m
          [36m<h1[31m
            [33mclass[31m=[32m"font-heading text-4xl font-extrabold"[31m
          [36m>[31m
            [0m3[0m
            [0m / [0m
            [0m4[0m
          [36m</h1>[31m
          [36m<p[31m
            [33mclass[31m=[32m"mt-1 font-body text-lg opacity-90"[31m
          [36m>[31m
            [0m75[0m
            [0m% correct[0m
          [36m</p>[31m
          [36m<p[31m
            [33mclass[31m=[32m"mt-3 font-body text-sm opacity-75"[31m
          [36m>[31m
            [0mGood effort, keep going![0m
          [36m</p>[31m
        [36m</section>[31m
        [36m<section[31m
          [33mclass[31m=[32m"space-y-4"[31m
        [36m>[31m
          [36m<h2[31m
            [33mclass[31m=[32m"font-heading text-xl font-bold text-text-primary"[31m
          [36m>[31m
            [0mBy Topic[0m
          [36m</h2>[31m
          [36m<div[31m
            [33mclass[31m=[32m"grid gap-4 sm:grid-cols-2"[31m
          [36m>[31m
            [36m<div[31m
              [33mclass[31m=[32m"rounded-card bg-surface p-5 shadow-md space-y-3"[31m
            [36m>[31m
              [36m<div[31m
                [33mclass[31m=[32m"flex items-center justify-between"[31m
              [36m>[31m
                [36m<h3[31m
                  [33mclass[31m=[32m"font-heading text-base font-bold text-text-primary"[31m
                [36m>[31m
                  [0mAlgebra[0m
                [36m</h3>[31m
                [36m<span[31m
                  [33mclass[31m=[32m"font-heading text-lg font-extrabold text-primary"[31m
                [36m>[31m
                  [0m2[0m
                  [0m / [0m
                  [0m2[0m
                [36m</span>[31m
              [36m</div>[31m
              [36m<div[31m
                [33mclass[31m=[32m"h-3 w-full overflow-hidden rounded-full bg-primary/20"[31m
              [36m>[31m
                [36m<div[31m
                  [33maria-hidden[31m=[32m"true"[31m
                  [33mclass[31m=[32m"h-full rounded-full bg-primary transition-all"[31m
                  [33mstyle[31m=[32m"width: 100%;"[31m
                [36m/>[31m
              [36m</div>[31m
              [36m<p[31m
                [33mclass[31m=[32m"text-xs text-text-secondary"[31m
              [36m>[31m
                [0m1[0m
                [0m question[0m
              [36m</p>[31m
            [36m</div>[31m
            [36m<div[31m
              [33mclass[31m=[32m"rounded-card bg-surface p-5 shadow-md space-y-3"[31m
            [36m>[31m
              [36m<div[31m
                [33mclass[31m=[32m"flex items-center justify-between"[31m
              [36m>[31m
                [36m<h3[31m
                  [33mclass[31m=[32m"font-heading text-base font-bold text-text-primary"[31m
                [36m>[31m
                  [0mVedic Maths[0m
                [36m</h3>[31m
                [36m<span[31m
                  [33mclass[31m=[32m"font-heading text-lg font-extrabold text-primary"[31m
                [36m>[31m
                  [0m1[0m
                  [0m / [0m
                  [0m2[0m
                [36m</span>[31m
              [36m</div>[31m
              [36m<div[31m
                [33mclass[31m=[32m"h-3 w-full overflow-hidden rounded-full bg-primary/20"[31m
              [36m>[31m
                [36m<div[31m
                  [33maria-hidden[31m=[32m"true"[31m
                  [33mclass[31m=[32m"h-full rounded-full bg-primary transition-all"[31m
                  [33mstyle[31m=[32m"width: 50%;"[31m
                [36m/>[31m
              [36m</div>[31m
              [36m<p[31m
                [33mclass[31m=[32m"text-xs text-text-secondary"[31m
              [36m>[31m
                [0m1[0m
                [0m question[0m
              [36m</p>[31m
            [36m</div>[31m
          [36m</div>[31m
        [36m</section>[31m
        [36m<section[31m
          [33mclass[31m=[32m"space-y-4"[31m
        [36m>[31m
          [36m<h2[31m
            [33mclass[31m=[32m"font-heading text-xl font-bold text-text-primary"[31m
          [36m>[31m
            [0mQuestion Review[0m
          [36m</h2>[31m
          [36m<ol[31m
            [33mclass[31m=[32m"space-y-3 list-none p-0"[31m
          [36m>[31m
            [36m<li[31m
              [33mclass[31m=[32m"rounded-card bg-surface p-4 shadow-sm space-y-1"[31m
            [36m>[31m
              [36m<div[31m
                [33mclass[31m=[32m"flex items-start justify-between gap-3"[31m
              [36m>[31m
                [36m<p[31m
                  [33mclass[31m=[32m"font-body text-sm font-semibold text-text-primary flex-1"[31m
                [36m>[31m
                  [36m<span[31m
                    [33mclass[31m=[32m"mr-2 text-text-secondary"[31m
                  [36m>[31m
                    [0m#[0m
                    [0m1[0m
                  [36m</span>[31m
                  [0mq1[0m
                [36m</p>[31m
                [36m<span[31m
                  [33mclass[31m=[32m"shrink-0 rounded-full px-2 py-0.5 text-xs font-bold bg-green-100 text-green-700"[31m
                [36m>[31m
                  [0m2[0m
                  [0m/2[0m
                [36m</span>[31m
              [36m</div>[31m
              [36m<p[31m
                [33mclass[31m=[32m"font-body text-sm text-text-secondary"[31m
              [36m>[31m
                [0mGreat work![0m
              [36m</p>[31m
            [36m</li>[31m
            [36m<li[31m
              [33mclass[31m=[32m"rounded-card bg-surface p-4 shadow-sm space-y-1"[31m
            [36m>[31m
              [36m<div[31m
                [33mclass[31m=[32m"flex items-start justify-between gap-3"[31m
              [36m>[31m
                [36m<p[31m
                  [33mclass[31m=[32m"font-body text-sm font-semibold text-text-primary flex-1"[31m
                [36m>[31m
                  [36m<span[31m
                    [33mclass[31m=[32m"mr-2 text-text-secondary"[31m
                  [36m>[31m
                    [0m#[0m
                    [0m2[0m
                  [36m</span>[31m
                  [0mq2[0m
                [36m</p>[31m
                [36m<span[31m
                  [33mclass[31m=[32m"shrink-0 rounded-full px-2 py-0.5 text-xs font-bold bg-yellow-100 text-yellow-700"[31m
                [36m>[31m
                  [0m1[0m
                  [0m/2[0m
                [36m</span>[31m
              [36m</div>[31m
              [36m<p[31m
                [33mclass[31m=[32m"font-body text-sm text-text-secondary"[31m
              [36m>[31m
                [0mNearly there.[0m
              [36m</p>[31m
            [36m</li>[31m
          [36m</ol>[31m
        [36m</section>[31m
        [36m<div[31m
          [33mclass[31m=[32m"flex justify-center pb-8"[31m
        [36m>[31m
          [36m<button[31m
            [33mclass[31m=[32m"rounded-button bg-primary px-8 py-3 font-heading text-lg font-bold text-white shadow-lg hover:bg-primary/90 active:scale-95 transition"[31m
            [33mtype[31m=[32m"button"[31m
          [36m>[31m
            [0mTry Again[0m
          [36m</button>[31m
        [36m</div>[31m
      [36m</div>[31m
    [36m</main>[31m
  [36m</div>[31m
[36m</body>[31m[39m

[2m Test Files [22m [1m[31m1 failed[39m[22m[2m | [22m[1m[32m10 passed[39m[22m[90m (11)[39m
[2m      Tests [22m [1m[31m1 failed[39m[22m[2m | [22m[1m[32m36 passed[39m[22m[90m (37)[39m
[2m   Start at [22m 13:27:17
[2m   Duration [22m 3.42s[2m (transform 711ms, setup 2.42s, collect 4.78s, tests 1.62s, environment 17.69s, prepare 4.62s)[22m

